// Jest Snapshot v1, https://goo.gl/fbAQLP

exports[`should render correctly 1`] = `
<i
  className="icon-check"
/>
`;

exports[`should render correctly 2`] = `
<i
  className="icon-delete"
/>
`;
