// Jest Snapshot v1, https://goo.gl/fbAQLP

exports[`should render correctly 1`] = `
<li
  className="boxed-group system-info-health-card"
>
  <div
    className="boxed-group-header"
  >
    <OpenCloseIcon
      className="spacer-right"
      open={false}
    />
    <span
      className="system-info-health-card-title"
    >
      Foobar
    </span>
    <HealthItem
      bigger={true}
      className="pull-right"
      health="RED"
      healthCauses={
        Array [
          Object {
            "message": "foo",
          },
        ]
      }
    />
  </div>
  <div
    className="boxed-group-inner"
  />
</li>
`;
