// Jest Snapshot v1, https://goo.gl/fbAQLP

exports[`should render correctly 1`] = `
<table
  className="data"
>
  <tbody>
    <tr>
      <td
        className="thin nowrap"
      >
        foo
      </td>
      <td>
        <ValueItem
          name="foo"
          value="Far"
        />
      </td>
    </tr>
    <tr>
      <td
        className="thin nowrap"
      >
        bar
      </td>
      <td>
        <ValueItem
          name="bar"
          value={
            Object {
              "a": 1,
              "b": "b",
            }
          }
        />
      </td>
    </tr>
    <tr>
      <td
        className="thin nowrap"
      >
        baz
      </td>
      <td>
        <ValueItem
          name="baz"
          value={true}
        />
      </td>
    </tr>
  </tbody>
</table>
`;
